SQL> 
SQL> SET ECHO ON
SQL> SET FEEDBACK ON
SQL> SET LINESIZE 100
SQL> SET PAGESIZE 200
SQL> SET SERVEROUTPUT ON
SQL> 
SQL> 
SQL> INSERT INTO traveller VALUES ( '152483045685', 'China', 'Rui', 'Yang', TO_DATE('12-12-1990', 'DD-MM-YYYY'));

1 row inserted.

SQL> INSERT INTO traveller VALUES ( '284123045234', 'Australia', 'Dimitri', 'Williams', TO_DATE('11-MAY-1993', 'DD-MON-YYYY'));

1 row inserted.

SQL> INSERT INTO traveller VALUES ( '459910233225', 'United Kingdom', 'Lucas', 'Smith', TO_DATE('01-JAN-1984', 'DD-MON-YYYY'));

1 row inserted.

SQL> 
SQL> INSERT INTO hotel VALUES ('Kyono Mori Yurinsha', 'Japan', 'Kyoto', 'Shimogyo-ku Street', '603', 4);

1 row inserted.

SQL> INSERT INTO hotel VALUES ('Delta Hotel', 'Canada', 'Toronto', '15 Lower Simcoe St', 'A01', 5);

1 row inserted.

SQL> INSERT INTO hotel VALUES ('The Omni Grove Park Inn', 'US', 'Asheville', '290 Macon Ave,', '28804', 4);

1 row inserted.

SQL> 
SQL> INSERT INTO visit VALUES ('152483045685', 'China', 'Kyono Mori Yurinsha', 'Kyoto', TO_DATE('25-DEC-2018', 'DD-MON-YYYY'), TO_DATE('27-DEC-2018', 'DD-MON-YYYY'));

1 row inserted.

SQL> INSERT INTO visit VALUES ('284123045234', 'Australia', 'Delta Hotel', 'Toronto', TO_DATE('31-MAR-2019', 'DD-MON-YYYY'), TO_DATE('3-APR-2019', 'DD-MON-YYYY'));

1 row inserted.

SQL> INSERT INTO visit VALUES ('152483045685', 'China', 'Kyono Mori Yurinsha', 'Kyoto', TO_DATE('3-JUNE-2019', 'DD-MON-YYYY'), TO_DATE('6-JUNE-2019', 'DD-MON-YYYY'));

1 row inserted.

SQL> INSERT INTO visit VALUES ('459910233225', 'United Kingdom', 'Delta Hotel', 'Toronto', TO_DATE('18-JUNE-2020', 'DD-MON-YYYY'), NULL);

1 row inserted.

SQL> 
SQL> COMMIT;

Commit complete.

SQL> 
SQL> PROMPT solution2.sql done.
solution2.sql done.
SQL> 
SQL> spool off
