SQL> SET FEEDBACK ON
SQL> SET LINESIZE 100
SQL> SET PAGESIZE 200
SQL> SET SERVEROUTPUT ON
SQL> 
SQL> 
SQL> 
SQL> CREATE OR REPLACE PROCEDURE INSERT_ORDER_DETAIL(order_id_ IN ORDER_DETAIL.ORDER_ID%TYPE, product_name_ IN ORDER_DETAIL.PRODUCT_NAME%TYPE, unit_price_ IN ORDER_DETAIL.UNIT_PRICE%TYPE, quantity_ IN ORDER_DETAIL.QUANTITY%TYPE, discount_ IN ORDER_DETAIL.DISCOUNT%TYPE) IS pd_state PRODUCT.DISCONTINUED%TYPE;
  2  BEGIN
  3    SELECT DISCONTINUED INTO pd_state FROM PRODUCT WHERE PRODUCT_NAME = product_name_;
  4    IF pd_state = 'N' THEN
  5      INSERT INTO ORDER_DETAIL VALUES(order_id_, product_name_, unit_price_, quantity_, discount_);
  6    ELSE
  7      DBMS_OUTPUT.PUT_LINE('Product is discontinued!');
  8    END IF;
  9    COMMIT;
 10  END INSERT_ORDER_DETAIL;
 11  /

Procedure INSERT_ORDER_DETAIL compiled

SQL> 
SQL> SELECT DISCONTINUED FROM PRODUCT WHERE PRODUCT_NAME = 'Perth Pasties';

D
-
Y

1 row selected. 

SQL> EXECUTE INSERT_ORDER_DETAIL(383, 'Perth Pasties', 32.8, 10, 0);
Product is discontinued!


PL/SQL procedure successfully completed.

SQL> SELECT * FROM ORDER_DETAIL WHERE ORDER_ID = 383 AND PRODUCT_NAME = 'Perth Pasties';

0 rows selected. 

SQL> 
SQL> SELECT DISCONTINUED FROM PRODUCT WHERE PRODUCT_NAME = 'Lakkalikoori';

D
-
N

1 row selected. 

SQL> EXECUTE INSERT_ORDER_DETAIL(383, 'Lakkalikoori', 16.2, 10, 0.1);

PL/SQL procedure successfully completed.

SQL> SELECT * FROM ORDER_DETAIL WHERE ORDER_ID = 383 AND PRODUCT_NAME = 'Lakkalikoori';

  ORDER_ID PRODUCT_NAME                             UNIT_PRICE   QUANTITY   DISCOUNT
---------- ---------------------------------------- ---------- ---------- ----------
       383 Lakkalikoori                                   16.2         10         .1

1 row selected. 

SQL> 
SQL> SPOOL OFF
